mode: set
github.com/YewFence/YewSeal/internal/config/config.go:37.30,47.2 1 1
github.com/YewFence/YewSeal/internal/config/config.go:55.36,58.16 2 1
github.com/YewFence/YewSeal/internal/config/config.go:58.16,60.3 1 0
github.com/YewFence/YewSeal/internal/config/config.go:63.2,70.35 3 1
github.com/YewFence/YewSeal/internal/config/config.go:70.35,71.42 1 1
github.com/YewFence/YewSeal/internal/config/config.go:71.42,73.9 2 1
github.com/YewFence/YewSeal/internal/config/config.go:78.2,78.22 1 1
github.com/YewFence/YewSeal/internal/config/config.go:78.22,80.3 1 1
github.com/YewFence/YewSeal/internal/config/config.go:83.2,84.63 2 1
github.com/YewFence/YewSeal/internal/config/config.go:84.63,86.3 1 1
github.com/YewFence/YewSeal/internal/config/config.go:88.2,88.20 1 1
github.com/YewFence/YewSeal/internal/config/config.go:93.61,94.51 1 1
github.com/YewFence/YewSeal/internal/config/config.go:94.51,96.3 1 1
github.com/YewFence/YewSeal/internal/config/config.go:97.2,97.34 1 1
github.com/YewFence/YewSeal/internal/config/config.go:97.34,99.3 1 1
github.com/YewFence/YewSeal/internal/config/config.go:100.2,100.24 1 1
github.com/YewFence/YewSeal/internal/config/config.go:105.62,106.55 1 1
github.com/YewFence/YewSeal/internal/config/config.go:106.55,108.3 1 1
github.com/YewFence/YewSeal/internal/config/config.go:109.2,109.35 1 1
github.com/YewFence/YewSeal/internal/config/config.go:109.35,111.3 1 1
github.com/YewFence/YewSeal/internal/config/config.go:112.2,112.28 1 1
github.com/YewFence/YewSeal/internal/config/config.go:117.61,118.55 1 1
github.com/YewFence/YewSeal/internal/config/config.go:118.55,120.3 1 1
github.com/YewFence/YewSeal/internal/config/config.go:122.2,122.35 1 1
github.com/YewFence/YewSeal/internal/config/config.go:122.35,124.3 1 1
github.com/YewFence/YewSeal/internal/config/config.go:125.2,125.28 1 1
github.com/YewFence/YewSeal/internal/config/config.go:130.62,131.51 1 1
github.com/YewFence/YewSeal/internal/config/config.go:131.51,133.3 1 1
github.com/YewFence/YewSeal/internal/config/config.go:135.2,135.34 1 1
github.com/YewFence/YewSeal/internal/config/config.go:135.34,137.3 1 1
github.com/YewFence/YewSeal/internal/config/config.go:138.2,138.24 1 1
github.com/YewFence/YewSeal/internal/config/config.go:143.53,144.20 1 1
github.com/YewFence/YewSeal/internal/config/config.go:144.20,146.3 1 1
github.com/YewFence/YewSeal/internal/config/config.go:147.2,147.26 1 1
github.com/YewFence/YewSeal/internal/config/config.go:147.26,149.3 1 1
github.com/YewFence/YewSeal/internal/config/config.go:150.2,150.23 1 1
github.com/YewFence/YewSeal/internal/config/config.go:154.40,156.2 1 1
github.com/YewFence/YewSeal/cmd/main.go:14.13,17.16 2 0
github.com/YewFence/YewSeal/cmd/main.go:17.16,19.3 1 0
github.com/YewFence/YewSeal/cmd/main.go:21.2,62.40 1 0
github.com/YewFence/YewSeal/cmd/main.go:62.40,70.6 1 0
github.com/YewFence/YewSeal/cmd/main.go:103.40,112.6 6 0
github.com/YewFence/YewSeal/cmd/main.go:139.40,147.6 5 0
github.com/YewFence/YewSeal/cmd/main.go:165.40,168.6 2 0
github.com/YewFence/YewSeal/cmd/main.go:171.38,173.45 1 0
github.com/YewFence/YewSeal/cmd/main.go:173.45,175.5 1 0
github.com/YewFence/YewSeal/cmd/main.go:176.4,176.14 1 0
github.com/YewFence/YewSeal/cmd/main.go:180.2,180.41 1 0
github.com/YewFence/YewSeal/cmd/main.go:180.41,183.3 2 0
github.com/YewFence/YewSeal/internal/crypto/converter.go:10.53,18.34 6 1
github.com/YewFence/YewSeal/internal/crypto/converter.go:18.34,20.3 1 1
github.com/YewFence/YewSeal/internal/crypto/converter.go:22.2,22.28 1 1
github.com/YewFence/YewSeal/internal/crypto/converter.go:26.53,34.34 6 1
github.com/YewFence/YewSeal/internal/crypto/converter.go:34.34,36.3 1 1
github.com/YewFence/YewSeal/internal/crypto/converter.go:38.2,38.28 1 1
github.com/YewFence/YewSeal/internal/crypto/init.go:13.110,17.21 1 0
github.com/YewFence/YewSeal/internal/crypto/init.go:17.21,19.3 1 0
github.com/YewFence/YewSeal/internal/crypto/init.go:22.2,26.22 3 0
github.com/YewFence/YewSeal/internal/crypto/init.go:26.22,31.3 2 0
github.com/YewFence/YewSeal/internal/crypto/init.go:34.2,49.16 4 0
github.com/YewFence/YewSeal/internal/crypto/init.go:49.16,51.3 1 0
github.com/YewFence/YewSeal/internal/crypto/init.go:54.2,54.28 1 0
github.com/YewFence/YewSeal/internal/crypto/init.go:54.28,55.70 1 0
github.com/YewFence/YewSeal/internal/crypto/init.go:55.70,57.4 1 0
github.com/YewFence/YewSeal/internal/crypto/init.go:58.8,60.3 1 0
github.com/YewFence/YewSeal/internal/crypto/init.go:63.2,63.80 1 0
github.com/YewFence/YewSeal/internal/crypto/init.go:63.80,65.3 1 0
github.com/YewFence/YewSeal/internal/crypto/init.go:68.2,68.51 1 0
github.com/YewFence/YewSeal/internal/crypto/init.go:68.51,70.3 1 0
github.com/YewFence/YewSeal/internal/crypto/init.go:73.2,73.25 1 0
github.com/YewFence/YewSeal/internal/crypto/init.go:73.25,75.3 1 0
github.com/YewFence/YewSeal/internal/crypto/init.go:78.2,80.12 2 0
github.com/YewFence/YewSeal/internal/crypto/init.go:84.46,88.48 3 0
github.com/YewFence/YewSeal/internal/crypto/init.go:88.48,90.3 1 0
github.com/YewFence/YewSeal/internal/crypto/init.go:92.2,92.25 1 0
github.com/YewFence/YewSeal/internal/crypto/init.go:92.25,97.17 3 0
github.com/YewFence/YewSeal/internal/crypto/init.go:97.17,99.4 1 0
github.com/YewFence/YewSeal/internal/crypto/init.go:100.3,101.22 2 0
github.com/YewFence/YewSeal/internal/crypto/init.go:101.22,103.4 1 0
github.com/YewFence/YewSeal/internal/crypto/init.go:104.3,105.24 2 0
github.com/YewFence/YewSeal/internal/crypto/init.go:109.2,109.24 1 0
github.com/YewFence/YewSeal/internal/crypto/init.go:109.24,112.3 2 0
github.com/YewFence/YewSeal/internal/crypto/init.go:112.8,114.3 1 0
github.com/YewFence/YewSeal/internal/crypto/init.go:117.2,117.50 1 0
github.com/YewFence/YewSeal/internal/crypto/init.go:117.50,119.3 1 0
github.com/YewFence/YewSeal/internal/crypto/init.go:122.2,123.16 2 0
github.com/YewFence/YewSeal/internal/crypto/init.go:123.16,125.3 1 0
github.com/YewFence/YewSeal/internal/crypto/init.go:127.2,132.21 4 0
github.com/YewFence/YewSeal/internal/crypto/init.go:132.21,135.17 2 0
github.com/YewFence/YewSeal/internal/crypto/init.go:135.17,137.4 1 0
github.com/YewFence/YewSeal/internal/crypto/init.go:139.2,139.21 1 0
github.com/YewFence/YewSeal/internal/crypto/init.go:139.21,141.3 1 0
github.com/YewFence/YewSeal/internal/crypto/init.go:143.2,144.23 2 0
github.com/YewFence/YewSeal/internal/crypto/init.go:148.46,158.64 2 0
github.com/YewFence/YewSeal/internal/crypto/init.go:158.64,160.59 1 0
github.com/YewFence/YewSeal/internal/crypto/init.go:160.59,163.85 2 0
github.com/YewFence/YewSeal/internal/crypto/init.go:163.85,165.5 1 0
github.com/YewFence/YewSeal/internal/crypto/init.go:166.4,166.41 1 0
github.com/YewFence/YewSeal/internal/crypto/init.go:167.9,169.4 1 0
github.com/YewFence/YewSeal/internal/crypto/init.go:170.8,172.112 1 0
github.com/YewFence/YewSeal/internal/crypto/init.go:172.112,174.4 1 0
github.com/YewFence/YewSeal/internal/crypto/init.go:175.3,175.40 1 0
github.com/YewFence/YewSeal/internal/crypto/init.go:178.2,178.12 1 0
github.com/YewFence/YewSeal/internal/crypto/init.go:182.42,183.46 1 0
github.com/YewFence/YewSeal/internal/crypto/init.go:183.46,185.17 2 0
github.com/YewFence/YewSeal/internal/crypto/init.go:185.17,187.74 2 0
github.com/YewFence/YewSeal/internal/crypto/init.go:187.74,189.5 1 0
github.com/YewFence/YewSeal/internal/crypto/init.go:189.10,191.5 1 0
github.com/YewFence/YewSeal/internal/crypto/init.go:193.8,195.3 1 0
github.com/YewFence/YewSeal/internal/crypto/init.go:199.130,202.25 3 0
github.com/YewFence/YewSeal/internal/crypto/init.go:202.25,204.3 1 0
github.com/YewFence/YewSeal/internal/crypto/init.go:205.2,206.28 2 0
github.com/YewFence/YewSeal/internal/crypto/init.go:206.28,208.26 2 0
github.com/YewFence/YewSeal/internal/crypto/init.go:208.26,210.4 1 0
github.com/YewFence/YewSeal/internal/crypto/init.go:211.3,211.25 1 0
github.com/YewFence/YewSeal/internal/crypto/init.go:212.8,214.26 2 0
github.com/YewFence/YewSeal/internal/crypto/init.go:214.26,216.4 1 0
github.com/YewFence/YewSeal/internal/crypto/init.go:217.3,217.25 1 0
github.com/YewFence/YewSeal/internal/crypto/init.go:219.2,220.79 2 0
github.com/YewFence/YewSeal/internal/crypto/keys.go:13.45,16.29 2 1
github.com/YewFence/YewSeal/internal/crypto/keys.go:16.29,18.48 2 1
github.com/YewFence/YewSeal/internal/crypto/keys.go:18.48,20.4 1 1
github.com/YewFence/YewSeal/internal/crypto/keys.go:22.2,22.11 1 1
github.com/YewFence/YewSeal/internal/crypto/keys.go:31.48,33.19 1 1
github.com/YewFence/YewSeal/internal/crypto/keys.go:33.19,35.3 1 1
github.com/YewFence/YewSeal/internal/crypto/keys.go:38.2,38.49 1 1
github.com/YewFence/YewSeal/internal/crypto/keys.go:38.49,40.3 1 1
github.com/YewFence/YewSeal/internal/crypto/keys.go:43.2,43.70 1 1
github.com/YewFence/YewSeal/internal/crypto/keys.go:43.70,45.3 1 1
github.com/YewFence/YewSeal/internal/crypto/keys.go:48.2,48.59 1 1
github.com/YewFence/YewSeal/internal/crypto/keys.go:48.59,50.17 2 0
github.com/YewFence/YewSeal/internal/crypto/keys.go:50.17,52.4 1 0
github.com/YewFence/YewSeal/internal/crypto/keys.go:53.3,54.16 2 0
github.com/YewFence/YewSeal/internal/crypto/keys.go:54.16,56.4 1 0
github.com/YewFence/YewSeal/internal/crypto/keys.go:57.3,57.18 1 0
github.com/YewFence/YewSeal/internal/crypto/keys.go:61.2,62.48 2 1
github.com/YewFence/YewSeal/internal/crypto/keys.go:62.48,64.3 1 0
github.com/YewFence/YewSeal/internal/crypto/keys.go:66.2,66.133 1 1
github.com/YewFence/YewSeal/internal/crypto/keys.go:74.78,76.23 1 0
github.com/YewFence/YewSeal/internal/crypto/keys.go:76.23,77.14 1 0
github.com/YewFence/YewSeal/internal/crypto/keys.go:77.14,79.4 1 0
github.com/YewFence/YewSeal/internal/crypto/keys.go:80.3,80.26 1 0
github.com/YewFence/YewSeal/internal/crypto/keys.go:84.2,84.62 1 0
github.com/YewFence/YewSeal/internal/crypto/keys.go:84.62,85.14 1 0
github.com/YewFence/YewSeal/internal/crypto/keys.go:85.14,87.4 1 0
github.com/YewFence/YewSeal/internal/crypto/keys.go:88.3,88.21 1 0
github.com/YewFence/YewSeal/internal/crypto/keys.go:92.2,93.44 2 0
github.com/YewFence/YewSeal/internal/crypto/keys.go:93.44,94.14 1 0
github.com/YewFence/YewSeal/internal/crypto/keys.go:94.14,96.4 1 0
github.com/YewFence/YewSeal/internal/crypto/keys.go:97.3,97.33 1 0
github.com/YewFence/YewSeal/internal/crypto/keys.go:101.2,101.13 1 0
github.com/YewFence/YewSeal/internal/crypto/keys.go:101.13,103.3 1 0
github.com/YewFence/YewSeal/internal/crypto/keys.go:106.2,106.19 1 0
github.com/YewFence/YewSeal/internal/crypto/keys.go:106.19,107.17 1 0
github.com/YewFence/YewSeal/internal/crypto/keys.go:107.17,109.4 1 0
github.com/YewFence/YewSeal/internal/crypto/keys.go:109.9,111.4 1 0
github.com/YewFence/YewSeal/internal/crypto/keys.go:115.2,116.16 2 0
github.com/YewFence/YewSeal/internal/crypto/keys.go:116.16,118.3 1 0
github.com/YewFence/YewSeal/internal/crypto/keys.go:121.2,122.21 2 0
github.com/YewFence/YewSeal/internal/crypto/keys.go:122.21,124.3 1 0
github.com/YewFence/YewSeal/internal/crypto/keys.go:126.2,126.13 1 0
github.com/YewFence/YewSeal/internal/crypto/keys.go:126.13,128.3 1 0
github.com/YewFence/YewSeal/internal/crypto/keys.go:130.2,130.23 1 0
github.com/YewFence/YewSeal/internal/crypto/keys.go:134.47,136.16 2 1
github.com/YewFence/YewSeal/internal/crypto/keys.go:136.16,138.3 1 1
github.com/YewFence/YewSeal/internal/crypto/keys.go:141.2,142.29 2 1
github.com/YewFence/YewSeal/internal/crypto/keys.go:142.29,144.66 2 1
github.com/YewFence/YewSeal/internal/crypto/keys.go:144.66,146.4 1 1
github.com/YewFence/YewSeal/internal/crypto/keys.go:149.2,149.68 1 1
github.com/YewFence/YewSeal/internal/crypto/operations.go:13.89,15.54 1 0
github.com/YewFence/YewSeal/internal/crypto/operations.go:15.54,17.3 1 0
github.com/YewFence/YewSeal/internal/crypto/operations.go:19.2,19.13 1 0
github.com/YewFence/YewSeal/internal/crypto/operations.go:19.13,21.3 1 0
github.com/YewFence/YewSeal/internal/crypto/operations.go:24.2,25.16 2 0
github.com/YewFence/YewSeal/internal/crypto/operations.go:25.16,27.3 1 0
github.com/YewFence/YewSeal/internal/crypto/operations.go:30.2,30.13 1 0
github.com/YewFence/YewSeal/internal/crypto/operations.go:30.13,32.3 1 0
github.com/YewFence/YewSeal/internal/crypto/operations.go:34.2,35.16 2 0
github.com/YewFence/YewSeal/internal/crypto/operations.go:35.16,37.3 1 0
github.com/YewFence/YewSeal/internal/crypto/operations.go:41.2,45.66 4 0
github.com/YewFence/YewSeal/internal/crypto/operations.go:45.66,47.3 1 0
github.com/YewFence/YewSeal/internal/crypto/operations.go:48.2,50.13 2 0
github.com/YewFence/YewSeal/internal/crypto/operations.go:50.13,52.3 1 0
github.com/YewFence/YewSeal/internal/crypto/operations.go:56.2,57.16 2 0
github.com/YewFence/YewSeal/internal/crypto/operations.go:57.16,59.3 1 0
github.com/YewFence/YewSeal/internal/crypto/operations.go:64.2,65.57 2 0
github.com/YewFence/YewSeal/internal/crypto/operations.go:65.57,67.14 1 0
github.com/YewFence/YewSeal/internal/crypto/operations.go:67.14,69.4 1 0
github.com/YewFence/YewSeal/internal/crypto/operations.go:70.3,70.156 1 0
github.com/YewFence/YewSeal/internal/crypto/operations.go:71.8,73.14 1 0
github.com/YewFence/YewSeal/internal/crypto/operations.go:73.14,75.4 1 0
github.com/YewFence/YewSeal/internal/crypto/operations.go:76.3,76.147 1 0
github.com/YewFence/YewSeal/internal/crypto/operations.go:79.2,80.16 2 0
github.com/YewFence/YewSeal/internal/crypto/operations.go:80.16,82.3 1 0
github.com/YewFence/YewSeal/internal/crypto/operations.go:84.2,85.12 2 0
github.com/YewFence/YewSeal/internal/crypto/operations.go:89.73,91.54 1 0
github.com/YewFence/YewSeal/internal/crypto/operations.go:91.54,93.3 1 0
github.com/YewFence/YewSeal/internal/crypto/operations.go:95.2,95.13 1 0
github.com/YewFence/YewSeal/internal/crypto/operations.go:95.13,98.3 2 0
github.com/YewFence/YewSeal/internal/crypto/operations.go:101.2,102.16 2 0
github.com/YewFence/YewSeal/internal/crypto/operations.go:102.16,104.3 1 0
github.com/YewFence/YewSeal/internal/crypto/operations.go:106.2,113.16 4 0
github.com/YewFence/YewSeal/internal/crypto/operations.go:113.16,115.3 1 0
github.com/YewFence/YewSeal/internal/crypto/operations.go:116.2,118.13 2 0
github.com/YewFence/YewSeal/internal/crypto/operations.go:118.13,120.3 1 0
github.com/YewFence/YewSeal/internal/crypto/operations.go:123.2,124.16 2 0
github.com/YewFence/YewSeal/internal/crypto/operations.go:124.16,126.3 1 0
github.com/YewFence/YewSeal/internal/crypto/operations.go:128.2,129.16 2 0
github.com/YewFence/YewSeal/internal/crypto/operations.go:129.16,131.3 1 0
github.com/YewFence/YewSeal/internal/crypto/operations.go:134.2,134.68 1 0
github.com/YewFence/YewSeal/internal/crypto/operations.go:134.68,136.3 1 0
github.com/YewFence/YewSeal/internal/crypto/operations.go:138.2,139.12 2 0
github.com/YewFence/YewSeal/internal/crypto/operations.go:143.47,145.49 1 0
github.com/YewFence/YewSeal/internal/crypto/operations.go:145.49,147.3 1 0
github.com/YewFence/YewSeal/internal/crypto/operations.go:149.2,153.16 3 0
github.com/YewFence/YewSeal/internal/crypto/operations.go:153.16,155.3 1 0
github.com/YewFence/YewSeal/internal/crypto/operations.go:158.2,162.18 3 0
github.com/YewFence/YewSeal/internal/crypto/operations.go:162.18,165.3 2 0
github.com/YewFence/YewSeal/internal/crypto/operations.go:168.2,171.70 2 0
github.com/YewFence/YewSeal/internal/crypto/operations.go:171.70,173.3 1 0
github.com/YewFence/YewSeal/internal/crypto/operations.go:175.2,176.12 2 0
github.com/YewFence/YewSeal/internal/crypto/sops_config.go:23.69,33.64 5 1
github.com/YewFence/YewSeal/internal/crypto/sops_config.go:33.64,35.63 1 1
github.com/YewFence/YewSeal/internal/crypto/sops_config.go:35.63,37.4 1 1
github.com/YewFence/YewSeal/internal/crypto/sops_config.go:40.3,40.45 1 1
github.com/YewFence/YewSeal/internal/crypto/sops_config.go:40.45,41.35 1 1
github.com/YewFence/YewSeal/internal/crypto/sops_config.go:41.35,44.5 2 1
github.com/YewFence/YewSeal/internal/crypto/sops_config.go:47.3,47.12 1 1
github.com/YewFence/YewSeal/internal/crypto/sops_config.go:47.12,53.4 2 1
github.com/YewFence/YewSeal/internal/crypto/sops_config.go:53.9,60.4 2 1
github.com/YewFence/YewSeal/internal/crypto/sops_config.go:61.8,67.3 2 1
github.com/YewFence/YewSeal/internal/crypto/sops_config.go:70.2,71.16 2 1
github.com/YewFence/YewSeal/internal/crypto/sops_config.go:71.16,73.3 1 0
github.com/YewFence/YewSeal/internal/crypto/sops_config.go:76.2,76.63 1 1
github.com/YewFence/YewSeal/internal/crypto/sops_config.go:76.63,78.3 1 0
github.com/YewFence/YewSeal/internal/crypto/sops_config.go:80.2,80.12 1 1
github.com/YewFence/YewSeal/internal/crypto/yewseal_config.go:10.75,14.47 2 1
github.com/YewFence/YewSeal/internal/crypto/yewseal_config.go:14.47,17.17 2 1
github.com/YewFence/YewSeal/internal/crypto/yewseal_config.go:17.17,19.4 1 0
github.com/YewFence/YewSeal/internal/crypto/yewseal_config.go:22.3,22.54 1 1
github.com/YewFence/YewSeal/internal/crypto/yewseal_config.go:22.54,25.4 2 1
github.com/YewFence/YewSeal/internal/crypto/yewseal_config.go:28.3,33.30 5 1
github.com/YewFence/YewSeal/internal/crypto/yewseal_config.go:33.30,36.42 2 1
github.com/YewFence/YewSeal/internal/crypto/yewseal_config.go:36.42,38.5 1 1
github.com/YewFence/YewSeal/internal/crypto/yewseal_config.go:38.10,38.62 1 1
github.com/YewFence/YewSeal/internal/crypto/yewseal_config.go:38.62,40.5 1 1
github.com/YewFence/YewSeal/internal/crypto/yewseal_config.go:43.4,43.78 1 1
github.com/YewFence/YewSeal/internal/crypto/yewseal_config.go:43.78,46.5 2 1
github.com/YewFence/YewSeal/internal/crypto/yewseal_config.go:49.3,49.94 1 1
github.com/YewFence/YewSeal/internal/crypto/yewseal_config.go:49.94,51.4 1 0
github.com/YewFence/YewSeal/internal/crypto/yewseal_config.go:53.3,54.13 2 1
github.com/YewFence/YewSeal/internal/crypto/yewseal_config.go:58.2,83.78 2 1
github.com/YewFence/YewSeal/internal/crypto/yewseal_config.go:83.78,85.3 1 0
github.com/YewFence/YewSeal/internal/crypto/yewseal_config.go:87.2,88.12 2 1
github.com/YewFence/YewSeal/internal/tools/checker.go:10.25,14.32 3 1
github.com/YewFence/YewSeal/internal/tools/checker.go:14.32,15.29 1 1
github.com/YewFence/YewSeal/internal/tools/checker.go:15.29,17.4 1 0
github.com/YewFence/YewSeal/internal/tools/checker.go:20.2,20.22 1 1
github.com/YewFence/YewSeal/internal/tools/checker.go:20.22,22.3 1 0
github.com/YewFence/YewSeal/internal/tools/checker.go:24.2,24.12 1 1
github.com/YewFence/YewSeal/internal/tools/checker.go:28.40,31.2 2 1
github.com/YewFence/YewSeal/internal/tools/checker.go:34.50,37.16 3 1
github.com/YewFence/YewSeal/internal/tools/checker.go:37.16,39.3 1 1
github.com/YewFence/YewSeal/internal/tools/checker.go:40.2,40.47 1 1
github.com/YewFence/YewSeal/internal/tools/executor.go:11.71,19.2 6 1
github.com/YewFence/YewSeal/internal/tools/executor.go:22.101,30.30 6 1
github.com/YewFence/YewSeal/internal/tools/executor.go:30.30,32.3 1 1
github.com/YewFence/YewSeal/internal/tools/executor.go:34.2,35.46 2 1
github.com/YewFence/YewSeal/internal/tools/executor.go:39.64,45.2 5 0
github.com/YewFence/YewSeal/internal/tools/input.go:12.60,16.16 4 1
github.com/YewFence/YewSeal/internal/tools/input.go:16.16,18.3 1 0
github.com/YewFence/YewSeal/internal/tools/input.go:20.2,21.17 2 1
github.com/YewFence/YewSeal/internal/tools/input.go:21.17,23.3 1 1
github.com/YewFence/YewSeal/internal/tools/input.go:24.2,24.14 1 1
github.com/YewFence/YewSeal/internal/tools/input.go:30.55,32.16 2 1
github.com/YewFence/YewSeal/internal/tools/input.go:32.16,34.3 1 1
github.com/YewFence/YewSeal/internal/tools/input.go:34.8,36.3 1 1
github.com/YewFence/YewSeal/internal/tools/input.go:38.2,41.16 4 1
github.com/YewFence/YewSeal/internal/tools/input.go:41.16,43.3 1 0
github.com/YewFence/YewSeal/internal/tools/input.go:45.2,46.17 2 1
github.com/YewFence/YewSeal/internal/tools/input.go:46.17,48.3 1 1
github.com/YewFence/YewSeal/internal/tools/input.go:50.2,50.39 1 1
github.com/YewFence/YewSeal/internal/tools/input.go:56.82,57.13 1 1
github.com/YewFence/YewSeal/internal/tools/input.go:57.13,59.3 1 1
github.com/YewFence/YewSeal/internal/tools/input.go:60.2,60.42 1 1
