mode: set
github.com/YewFence/YewSeal/internal/tools/checker.go:10.25,14.32 3 0
github.com/YewFence/YewSeal/internal/tools/checker.go:14.32,15.29 1 0
github.com/YewFence/YewSeal/internal/tools/checker.go:15.29,17.4 1 0
github.com/YewFence/YewSeal/internal/tools/checker.go:20.2,20.22 1 0
github.com/YewFence/YewSeal/internal/tools/checker.go:20.22,22.3 1 0
github.com/YewFence/YewSeal/internal/tools/checker.go:24.2,24.12 1 0
github.com/YewFence/YewSeal/internal/tools/checker.go:28.40,31.2 2 0
github.com/YewFence/YewSeal/internal/tools/checker.go:34.50,37.16 3 0
github.com/YewFence/YewSeal/internal/tools/checker.go:37.16,39.3 1 0
github.com/YewFence/YewSeal/internal/tools/checker.go:40.2,40.47 1 0
github.com/YewFence/YewSeal/internal/tools/executor.go:11.71,19.2 6 0
github.com/YewFence/YewSeal/internal/tools/executor.go:22.101,30.30 6 0
github.com/YewFence/YewSeal/internal/tools/executor.go:30.30,32.3 1 0
github.com/YewFence/YewSeal/internal/tools/executor.go:34.2,35.46 2 0
github.com/YewFence/YewSeal/internal/tools/executor.go:39.64,45.2 5 0
github.com/YewFence/YewSeal/internal/tools/input.go:12.60,16.16 4 1
github.com/YewFence/YewSeal/internal/tools/input.go:16.16,18.3 1 0
github.com/YewFence/YewSeal/internal/tools/input.go:20.2,21.17 2 1
github.com/YewFence/YewSeal/internal/tools/input.go:21.17,23.3 1 1
github.com/YewFence/YewSeal/internal/tools/input.go:24.2,24.14 1 1
github.com/YewFence/YewSeal/internal/tools/input.go:30.55,32.16 2 1
github.com/YewFence/YewSeal/internal/tools/input.go:32.16,34.3 1 1
github.com/YewFence/YewSeal/internal/tools/input.go:34.8,36.3 1 1
github.com/YewFence/YewSeal/internal/tools/input.go:38.2,41.16 4 1
github.com/YewFence/YewSeal/internal/tools/input.go:41.16,43.3 1 0
github.com/YewFence/YewSeal/internal/tools/input.go:45.2,46.17 2 1
github.com/YewFence/YewSeal/internal/tools/input.go:46.17,48.3 1 1
github.com/YewFence/YewSeal/internal/tools/input.go:50.2,50.39 1 1
github.com/YewFence/YewSeal/internal/tools/input.go:56.82,57.13 1 1
github.com/YewFence/YewSeal/internal/tools/input.go:57.13,59.3 1 1
github.com/YewFence/YewSeal/internal/tools/input.go:60.2,60.42 1 1
